// Jest Snapshot v1, https://goo.gl/fbAQLP

exports[`renders homepage unchanged 1`] = `
<div>
  <div
    class="mantine-AppShell-root mantine-osix87"
  >
    <header
      class="mantine-Header-root mantine-pd2zmj"
    >
      <h1
        class="mantine-Text-root mantine-Title-root mantine-dyfpg1"
      >
        TO DO LIST APP
      </h1>
    </header>
    <div
      class="mantine-ibbm6b mantine-AppShell-body"
    >
      <main
        class="mantine-13jfpqk mantine-AppShell-main"
      >
        Activity
      </main>
    </div>
  </div>
</div>
`;
